// Jest Snapshot v1, https://goo.gl/fbAQLP

exports[`FilmPreview should be render correctly 1`] = `ShallowWrapper {}`;
