// Jest Snapshot v1, https://goo.gl/fbAQLP

exports[`FilmInfo should be render correctly 1`] = `ShallowWrapper {}`;
