// Jest Snapshot v1, https://goo.gl/fbAQLP

exports[`ErrorBoundary should be render if has errors 1`] = `ShallowWrapper {}`;

exports[`ErrorBoundary should be render if not errors 1`] = `ShallowWrapper {}`;
