// Jest Snapshot v1, https://goo.gl/fbAQLP

exports[`RadioButtons should be render correctly 1`] = `ShallowWrapper {}`;
